{
  "counts": {
    "unknown": 22,
    "string": 64,
    "json(body)": 64,
    "string(body)": 1
  },
  "total": 151
}
get-actor                      unknown          Promise<any>                                                 str=0 obj=0 other=1  src/tools/actor.ts:151
export-actor                   string           Promise<string>                                              str=4 obj=0 other=0  src/tools/actor.ts:173
list-actors                    json(body)       Promise<any>                                                 str=0 obj=1 other=0  src/tools/actor.ts:296
get-actor-entity               json(body)       Promise<any>                                                 str=0 obj=3 other=1  src/tools/actor.ts:199
search-actor-contents          unknown          Promise<any>                                                 str=0 obj=0 other=1  src/tools/actor.ts:318
create-item                    json(body)       Promise<any>                                                 str=0 obj=7 other=0  src/tools/items.ts:210
list-items                     json(body)       Promise<any>                                                 str=0 obj=7 other=0  src/tools/items.ts:210
get-item                       json(body)       Promise<any>                                                 str=0 obj=7 other=0  src/tools/items.ts:210
update-item                    json(body)       Promise<any>                                                 str=0 obj=7 other=0  src/tools/items.ts:210
delete-item                    json(body)       Promise<any>                                                 str=0 obj=7 other=0  src/tools/items.ts:210
remove-from-actor              json(body)       Promise<any>                                                 str=0 obj=7 other=0  src/tools/items.ts:210
search-compendium              json(body)       Promise<any>                                                 str=0 obj=1 other=0  src/tools/compendium.ts:354
get-compendium-entry           json(body)       Promise<any>                                                 str=0 obj=2 other=0  src/tools/compendium.ts:434
search-compendium-creatures    json(body)       Promise<any>                                                 str=0 obj=1 other=0  src/tools/compendium.ts:497
search-compendium-spells       json(body)       Promise<any>                                                 str=0 obj=1 other=0  src/tools/compendium.ts:593
search-compendium-items        json(body)       Promise<any>                                                 str=0 obj=1 other=0  src/tools/compendium.ts:645
list-compendium-packs          json(body)       Promise<any>                                                 str=0 obj=1 other=0  src/tools/compendium.ts:550
get-current-scene              unknown          Promise<any>                                                 str=0 obj=0 other=1  src/tools/scene.ts:787
get-world-info                 unknown          Promise<any>                                                 str=0 obj=0 other=1  src/tools/scene.ts:810
create-actor-from-compendium   unknown          Promise<any>                                                 str=0 obj=0 other=1  src/tools/actor-creation.ts:271
author-npc                     unknown          Promise<any>                                                 str=0 obj=0 other=1  src/tools/dnd5e/npc.ts:226
create-pc                      unknown          Promise<any>                                                 str=0 obj=0 other=1  src/tools/dnd5e/pc.ts:231
inspect-pc-advancement         unknown          Promise<any>                                                 str=0 obj=0 other=1  src/tools/dnd5e/pc.ts:252
level-up-pc                    unknown          Promise<any>                                                 str=0 obj=0 other=1  src/tools/dnd5e/pc.ts:260
create-pc-from-prefab          unknown          Promise<any>                                                 str=0 obj=0 other=1  src/tools/dnd5e/pc.ts:279
duplicate-actor                unknown          Promise<any>                                                 str=0 obj=0 other=1  src/tools/actor-creation.ts:340
delete-actor                   unknown          Promise<any>                                                 str=0 obj=0 other=1  src/tools/actor-creation.ts:417
delete-folder                  unknown          Promise<any>                                                 str=0 obj=0 other=1  src/tools/actor-creation.ts:472
update-actor                   unknown          Promise<any>                                                 str=0 obj=0 other=1  src/tools/dnd5e/update-actor.ts:457
update-actor-item              unknown          Promise<any>                                                 str=0 obj=0 other=1  src/tools/dnd5e/update-actor-item.ts:83
manage-activity                unknown          Promise<any>                                                 str=0 obj=0 other=1  src/tools/dnd5e/manage-activity.ts:544
add-free-cast                  unknown          Promise<any>                                                 str=0 obj=0 other=1  src/tools/dnd5e/free-cast.ts:91
manage-effect                  unknown          Promise<any>                                                 str=0 obj=0 other=1  src/tools/dnd5e/manage-effect.ts:250
configure-dnd5e-settings       string           Promise<string>                                              str=1 obj=0 other=0  src/tools/dnd5e/settings.ts:65
manage-calendar                string           Promise<string>                                              str=2 obj=0 other=0  src/tools/dnd5e/calendar.ts:79
apply-condition                unknown          Promise<any>                                                 str=0 obj=0 other=1  src/tools/dnd5e/conditions.ts:75
add-item                       unknown          Promise<any>                                                 str=0 obj=0 other=1  src/tools/dnd5e/add-item.ts:348
import-item                    unknown          Promise<any>                                                 str=0 obj=0 other=1  src/tools/dnd5e/import-item.ts:109
content-audit                  unknown          Promise<any>                                                 str=0 obj=0 other=1  src/tools/dnd5e/content-audit.ts:74
create-group                   string           Promise<string>                                              str=1 obj=0 other=0  src/tools/dnd5e/group.ts:174
manage-group-members           string           Promise<string>                                              str=1 obj=0 other=0  src/tools/dnd5e/group.ts:196
get-group                      json(body)       Promise<unknown>                                             str=0 obj=1 other=0  src/tools/dnd5e/group.ts:215
set-primary-party              string           Promise<string>                                              str=2 obj=0 other=0  src/tools/dnd5e/group.ts:221
add-feature                    json(body)       Promise<any>                                                 str=0 obj=3 other=0  src/registry.ts:272
create-quest-journal           json(body)       Promise<any>                                                 str=0 obj=1 other=0  src/tools/journal.ts:355
link-quest-to-npc              json(body)       Promise<any>                                                 str=0 obj=1 other=0  src/tools/journal.ts:389
update-quest-journal           json(body)       Promise<any>                                                 str=0 obj=2 other=0  src/tools/journal.ts:440
list-journals                  json(body)       Promise<any>                                                 str=0 obj=3 other=0  src/tools/journal.ts:498
search-journals                json(body)       Promise<any>                                                 str=0 obj=1 other=0  src/tools/journal.ts:582
create-journal                 json(body)       Promise<any>                                                 str=0 obj=1 other=0  src/tools/journal.ts:658
update-journal                 json(body)       Promise<any>                                                 str=0 obj=1 other=0  src/tools/journal.ts:703
set-journal-page-visibility    json(body)       Promise<any>                                                 str=0 obj=1 other=0  src/tools/journal.ts:733
delete-journal-page            json(body)       Promise<any>                                                 str=0 obj=2 other=0  src/tools/journal.ts:759
delete-journal                 json(body)       Promise<any>                                                 str=0 obj=1 other=0  src/tools/journal.ts:790
set-actor-ownership            json(body)       Promise<{ success: boolean; message: string; results: ({ act str=0 obj=2 other=0  src/tools/ownership.ts:91
list-actor-ownership           json(body)       Promise<{ success: boolean; message: string; results: ({ act str=0 obj=2 other=0  src/tools/ownership.ts:91
list-assets                    string           Promise<string>                                              str=5 obj=0 other=0  src/tools/assets/index.ts:318
asset-info                     string           Promise<string>                                              str=5 obj=0 other=0  src/tools/assets/index.ts:346
download-asset                 string           Promise<string>                                              str=3 obj=0 other=0  src/tools/assets/index.ts:372
upload-asset                   string           Promise<string>                                              str=6 obj=0 other=0  src/tools/assets/index.ts:390
upload-asset-tree              string           Promise<string>                                              str=5 obj=0 other=0  src/tools/assets/index.ts:431
create-asset-folder            string           Promise<string>                                              str=6 obj=0 other=0  src/tools/assets/index.ts:500
delete-asset                   string           Promise<string>                                              str=9 obj=0 other=0  src/tools/assets/index.ts:526
move-asset                     string           Promise<string>                                              str=10 obj=0 other=0  src/tools/assets/index.ts:574
copy-asset                     string           Promise<string>                                              str=7 obj=0 other=0  src/tools/assets/index.ts:643
asset-url                      string           Promise<string>                                              str=1 obj=0 other=0  src/tools/assets/index.ts:671
find-asset-references          string           Promise<string>                                              str=1 obj=0 other=0  src/tools/asset-bridge.ts:122
relink-asset                   string           Promise<string>                                              str=2 obj=0 other=0  src/tools/asset-bridge.ts:141
set-actor-art                  string           Promise<string>                                              str=3 obj=0 other=0  src/tools/asset-bridge.ts:158
add-journal-image              string           Promise<string>                                              str=2 obj=0 other=0  src/tools/asset-bridge.ts:183
read-pack                      json(body)       Promise<any>                                                 str=0 obj=2 other=0  src/tools/pack-reader.ts:574
create-scene                   string           Promise<string>                                              str=1 obj=0 other=0  src/tools/scene.ts:546
list-scenes                    string           Promise<string>                                              str=2 obj=0 other=0  src/tools/scene.ts:641
update-scene                   string           Promise<string>                                              str=2 obj=0 other=0  src/tools/scene.ts:657
activate-scene                 string           Promise<string>                                              str=3 obj=0 other=0  src/tools/scene.ts:673
pull-users-to-scene            string           Promise<string>                                              str=2 obj=0 other=0  src/tools/scene.ts:694
set-landing-scene              string           Promise<string>                                              str=2 obj=0 other=0  src/tools/scene.ts:730
delete-scene                   string           Promise<string>                                              str=1 obj=0 other=0  src/tools/scene.ts:781
get-scene-dimensions           string(body)     Promise<any>                                                 str=1 obj=0 other=1  src/tools/scene.ts:606
screenshot-scene               string           Promise<string>                                              str=2 obj=0 other=0  src/tools/scene.ts:615
create-tiles                   json(body)       Promise<any>                                                 str=0 obj=1 other=0  src/tools/placeables/index.ts:72
list-tiles                     json(body)       Promise<any>                                                 str=0 obj=1 other=0  src/tools/placeables/index.ts:72
update-tiles                   json(body)       Promise<any>                                                 str=0 obj=1 other=0  src/tools/placeables/index.ts:72
delete-tiles                   json(body)       Promise<any>                                                 str=0 obj=1 other=0  src/tools/placeables/index.ts:72
create-lights                  json(body)       Promise<any>                                                 str=0 obj=1 other=0  src/tools/placeables/index.ts:72
list-lights                    json(body)       Promise<any>                                                 str=0 obj=1 other=0  src/tools/placeables/index.ts:72
update-lights                  json(body)       Promise<any>                                                 str=0 obj=1 other=0  src/tools/placeables/index.ts:72
delete-lights                  json(body)       Promise<any>                                                 str=0 obj=1 other=0  src/tools/placeables/index.ts:72
create-sounds                  json(body)       Promise<any>                                                 str=0 obj=1 other=0  src/tools/placeables/index.ts:72
list-sounds                    json(body)       Promise<any>                                                 str=0 obj=1 other=0  src/tools/placeables/index.ts:72
update-sounds                  json(body)       Promise<any>                                                 str=0 obj=1 other=0  src/tools/placeables/index.ts:72
delete-sounds                  json(body)       Promise<any>                                                 str=0 obj=1 other=0  src/tools/placeables/index.ts:72
create-drawings                json(body)       Promise<any>                                                 str=0 obj=1 other=0  src/tools/placeables/index.ts:72
list-drawings                  json(body)       Promise<any>                                                 str=0 obj=1 other=0  src/tools/placeables/index.ts:72
update-drawings                json(body)       Promise<any>                                                 str=0 obj=1 other=0  src/tools/placeables/index.ts:72
delete-drawings                json(body)       Promise<any>                                                 str=0 obj=1 other=0  src/tools/placeables/index.ts:72
create-walls                   json(body)       Promise<any>                                                 str=0 obj=1 other=0  src/tools/placeables/index.ts:72
list-walls                     json(body)       Promise<any>                                                 str=0 obj=1 other=0  src/tools/placeables/index.ts:72
update-walls                   json(body)       Promise<any>                                                 str=0 obj=1 other=0  src/tools/placeables/index.ts:72
delete-walls                   json(body)       Promise<any>                                                 str=0 obj=1 other=0  src/tools/placeables/index.ts:72
list-tokens                    json(body)       Promise<any>                                                 str=0 obj=1 other=0  src/tools/placeables/index.ts:72
place-tokens                   json(body)       Promise<any>                                                 str=0 obj=1 other=0  src/tools/placeables/index.ts:72
update-token                   json(body)       Promise<any>                                                 str=0 obj=1 other=0  src/tools/placeables/index.ts:72
delete-tokens                  json(body)       Promise<any>                                                 str=0 obj=1 other=0  src/tools/placeables/index.ts:72
create-scene-notes             json(body)       Promise<any>                                                 str=0 obj=1 other=0  src/tools/placeables/index.ts:72
list-notes                     json(body)       Promise<any>                                                 str=0 obj=1 other=0  src/tools/placeables/index.ts:72
update-note                    json(body)       Promise<any>                                                 str=0 obj=1 other=0  src/tools/placeables/index.ts:72
delete-note                    json(body)       Promise<any>                                                 str=0 obj=1 other=0  src/tools/placeables/index.ts:72
create-region                  json(body)       Promise<any>                                                 str=0 obj=1 other=0  src/tools/placeables/index.ts:72
list-regions                   json(body)       Promise<any>                                                 str=0 obj=1 other=0  src/tools/placeables/index.ts:72
update-region                  json(body)       Promise<any>                                                 str=0 obj=1 other=0  src/tools/placeables/index.ts:72
delete-region                  json(body)       Promise<any>                                                 str=0 obj=1 other=0  src/tools/placeables/index.ts:72
create-teleporter              json(body)       Promise<any>                                                 str=0 obj=1 other=0  src/tools/placeables/index.ts:72
add-region-behavior            json(body)       Promise<any>                                                 str=0 obj=1 other=0  src/tools/placeables/index.ts:72
remap-teleporters              json(body)       Promise<any>                                                 str=0 obj=1 other=0  src/tools/placeables/index.ts:72
create-playlist                string           Promise<string>                                              str=1 obj=0 other=0  src/tools/playlist.ts:103
list-playlists                 string           Promise<string>                                              str=2 obj=0 other=0  src/tools/playlist.ts:118
update-playlist                string           Promise<string>                                              str=2 obj=0 other=0  src/tools/playlist.ts:128
delete-playlist                string           Promise<string>                                              str=1 obj=0 other=0  src/tools/playlist.ts:137
configure-soundscape           string           Promise<string>                                              str=4 obj=0 other=0  src/tools/soundscape.ts:188
create-rolltable               string           Promise<string>                                              str=1 obj=0 other=0  src/tools/tables.ts:283
import-rolltable               string           Promise<string>                                              str=1 obj=0 other=0  src/tools/tables.ts:292
list-rolltables                string           Promise<string>                                              str=2 obj=0 other=0  src/tools/tables.ts:301
update-rolltable               string           Promise<string>                                              str=2 obj=0 other=0  src/tools/tables.ts:310
roll-on-table                  string           Promise<string>                                              str=2 obj=0 other=0  src/tools/tables.ts:330
get-rolltable                  string           Promise<string>                                              str=2 obj=0 other=0  src/tools/tables.ts:348
delete-rolltable               string           Promise<string>                                              str=1 obj=0 other=0  src/tools/tables.ts:374
create-cards                   string           Promise<string>                                              str=1 obj=0 other=0  src/tools/cards.ts:116
import-cards                   string           Promise<string>                                              str=1 obj=0 other=0  src/tools/cards.ts:129
list-cards                     string           Promise<string>                                              str=2 obj=0 other=0  src/tools/cards.ts:138
delete-cards                   string           Promise<string>                                              str=1 obj=0 other=0  src/tools/cards.ts:147
send-chat-message              string           Promise<string>                                              str=2 obj=0 other=0  src/tools/chat.ts:328
list-chat-messages             string           Promise<string>                                              str=2 obj=0 other=0  src/tools/chat.ts:434
delete-chat-messages           string           Promise<string>                                              str=4 obj=0 other=0  src/tools/chat.ts:450
export-chat-log                string           Promise<string>                                              str=8 obj=0 other=0  src/tools/chat.ts:474
post-item-card                 string           Promise<string>                                              str=2 obj=0 other=0  src/tools/chat.ts:533
request-roll                   string           Promise<string>                                              str=1 obj=0 other=0  src/tools/chat.ts:540
list-users                     string           Promise<string>                                              str=1 obj=0 other=0  src/tools/users.ts:117
update-user                    string           Promise<string>                                              str=2 obj=0 other=0  src/tools/users.ts:141
set-user-avatar                string           Promise<string>                                              str=1 obj=0 other=0  src/tools/users.ts:165
create-macro                   string           Promise<string>                                              str=1 obj=0 other=0  src/tools/macros.ts:127
list-macros                    string           Promise<string>                                              str=2 obj=0 other=0  src/tools/macros.ts:141
delete-macro                   string           Promise<string>                                              str=1 obj=0 other=0  src/tools/macros.ts:156
configure-combat-tracker       string           Promise<string>                                              str=2 obj=0 other=0  src/tools/combat-tracker.ts:90
get-combat-stats               string           Promise<string>                                              str=4 obj=0 other=0  src/tools/combat-stats.ts:686
disconnect-bridge              string           Promise<string>                                              str=2 obj=0 other=0  src/tools/bridge.ts:50
list-folders                   string           Promise<string>                                              str=2 obj=0 other=0  src/tools/organization.ts:173
create-folder                  string           Promise<string>                                              str=1 obj=0 other=0  src/tools/organization.ts:199
update-folder                  string           Promise<string>                                              str=2 obj=0 other=0  src/tools/organization.ts:205
move-documents                 string           Promise<string>                                              str=1 obj=0 other=0  src/tools/organization.ts:216
bulk-delete                    string           Promise<string>                                              str=2 obj=0 other=0  src/tools/organization.ts:229
