inline total 206472 | reused=ref total 259722 | delta 53250 (25.8%)
defs extracted overall: 1275 | defs <= 60 chars: 838 | defs >= 300 chars: 63

best 8 (chars saved by ref):
  create-pc                    inline 1555  ref 1531  delta -24  defs 1
  get-actor                    inline 299  ref 299  delta 0  defs 0
  get-actor-entity             inline 320  ref 320  delta 0  defs 0
  get-item                     inline 165  ref 165  delta 0  defs 0
  get-world-info               inline 47  ref 47  delta 0  defs 0
  level-up-pc                  inline 609  ref 609  delta 0  defs 0
  get-group                    inline 197  ref 197  delta 0  defs 0
  set-journal-page-visibility  inline 379  ref 379  delta 0  defs 0

worst 8 (chars added by ref):
  update-token                 inline 3843  ref 5639  delta 1796  defs 42
  update-tiles                 inline 2796  ref 4764  delta 1968  defs 46
  add-feature                  inline 13098  ref 15132  delta 2034  defs 55
  add-item                     inline 9425  ref 11471  delta 2046  defs 57
  update-drawings              inline 2659  ref 4799  delta 2140  defs 50
  create-scene                 inline 8722  ref 10991  delta 2269  defs 53
  manage-activity              inline 16358  ref 19118  delta 2760  defs 66
  update-actor                 inline 14621  ref 17512  delta 2891  defs 69

largest shared sub-shapes (chars x refs):
  export-actor           __schema0     18 chars x 0 refs  {"type":"boolean"}…
  list-actors            __schema0     17 chars x 0 refs  {"type":"string"}…
  search-actor-contents  __schema0     17 chars x 0 refs  {"type":"string"}…
  search-actor-contents  __schema1     17 chars x 0 refs  {"type":"string"}…
  search-actor-contents  __schema2     17 chars x 0 refs  {"type":"string"}…
  search-actor-contents  __schema3     17 chars x 0 refs  {"type":"number"}…
  create-item            __schema0    717 chars x 0 refs  {"type":"object","properties":{"name":{"type":"string","minLength":1,"description":"Displa…
  create-item            __schema1     17 chars x 0 refs  {"type":"string"}…
  create-item            __schema2     77 chars x 0 refs  {"type":"object","propertyNames":{"type":"string"},"additionalProperties":{}}…
  create-item            __schema3     17 chars x 0 refs  {"type":"string"}…
  list-items             __schema0     17 chars x 0 refs  {"type":"string"}…
  list-items             __schema1     17 chars x 0 refs  {"type":"string"}…

identical property descriptions (>40 chars) repeated across the whole tools/list: 92 distinct, 8367 redundant chars
  x24  (46 chars)  Scene id or exact name holding the placeables.…
  x2  (371 chars)  Reference a REAL item by compendium UUID (e.g. Compendium.dnd-dungeon-masters-guide.equipment.Item.<…
  x7  (84 chars)  replace (default) overwrites the whole list; add/remove merge with the current list.…
  x2  (287 chars)  A v12+ scene's full environment{} mood object, carried whole (darknessLevel, globalLight{...}, cycle…
  x5  (86 chars)  Free-text custom entry stored alongside the set (replaces the existing custom string).…
  x2  (214 chars)  Data-relative path to a pre-rendered navigation thumbnail (e.g. an uploaded <id>-thumb.webp shipped …
  x2  (178 chars)  Document flags namespaced by scope — e.g. {"tom-cartos-import":{sourceModule,sourceId}} for import p…
  x2  (160 chars)  Literal result text (HTML / @UUID enrichers allowed). Combine with `uuid` via a {{link}} placeholder…
  x2  (158 chars)  Roof/overhead occlusion mode (TILE_OCCLUSION_MODES): 0 none, 1 fade, 2 surface, 4 radial, 8 vision. …
  x2  (117 chars)  Vision blocking: 0 none (see-through: railings, windows), 10 limited, 20 normal (default), 30 proxim…
