shared sub-shapes >= 200 chars (by object identity, intra-tool): 105
sum of their net saving if ONLY these were $ref-ed (chars): 1081
  manage-effect          __schema7    621 chars x 2 refs  net    565  {"anyOf":[{"$ref":"#/$defs/__schema8"},{"$ref":"#/$defs/__schema9"},{"$ref":"#/$defs/__schema10"}],"descriptio…
  add-feature            __schema6    349 chars x 2 refs  net    293  {"type":"object","properties":{"number":{"type":"integer","minimum":1,"description":"Number of dice (e.g. 4)"}…
  add-item               __schema23   279 chars x 2 refs  net    223  {"type":"object","properties":{"number":{"$ref":"#/$defs/__schema24"},"denomination":{"$ref":"#/$defs/__schema…
  create-item            __schema0    717 chars x 1 refs  net    -28  {"type":"object","properties":{"name":{"type":"string","minLength":1,"description":"Display name of the item"}…
  update-item            __schema0    504 chars x 1 refs  net    -28  {"type":"object","properties":{"id":{"type":"string","minLength":1,"description":"ID of the world Item to upda…
  remove-from-actor      __schema0    217 chars x 1 refs  net    -28  {"type":"string","minLength":1,"description":"Actor name or ID to remove the items from. Also accepts a placed…
  search-compendium-creatures __schema0    277 chars x 1 refs  net    -28  {"anyOf":[{"type":"object","properties":{"min":{"$ref":"#/$defs/__schema1"},"max":{"$ref":"#/$defs/__schema3"}…
  search-compendium-spells __schema1    300 chars x 1 refs  net    -28  {"anyOf":[{"type":"object","properties":{"min":{"$ref":"#/$defs/__schema2"},"max":{"$ref":"#/$defs/__schema4"}…
  create-actor-from-compendium __schema4    255 chars x 1 refs  net    -28  {"type":"object","properties":{"type":{"default":"grid","description":"Placement strategy","$ref":"#/$defs/__s…
  create-actor-from-compendium __schema6    200 chars x 1 refs  net    -28  {"type":"array","items":{"type":"object","properties":{"x":{"type":"number","description":"X coordinate in pix…
  author-npc             __schema10   381 chars x 1 refs  net    -28  {"type":"object","properties":{"str":{"type":"integer","minimum":1,"maximum":30},"dex":{"type":"integer","mini…
  author-npc             __schema23   428 chars x 1 refs  net    -28  {"default":[],"type":"array","items":{"type":"object","properties":{"skill":{"type":"string","enum":["Acrobati…
  create-pc-from-prefab  __schema4    291 chars x 1 refs  net    -28  {"type":"object","properties":{"str":{"$ref":"#/$defs/__schema5"},"dex":{"$ref":"#/$defs/__schema5"},"con":{"$…
  duplicate-actor        __schema0    307 chars x 1 refs  net    -28  {"minItems":1,"type":"array","items":{"$ref":"#/$defs/__schema1"},"description":"Source actors to duplicate — …
  duplicate-actor        __schema2    212 chars x 1 refs  net    -28  {"description":"Names for the copies, aligned by index with actorIdentifiers. Entries the array does not cover…
  duplicate-actor        __schema6    256 chars x 1 refs  net    -28  {"description":"Actor folder to file ALL the copies under — a folder id or exact name (created if absent), sam…
  duplicate-actor        __schema8    260 chars x 1 refs  net    -28  {"description":"User who should own the copies — a user id or exact/partial user name. When set, each copy's o…
  duplicate-actor        __schema10   206 chars x 1 refs  net    -28  {"default":"OWNER","description":"Permission level the `owner` user gets on each copy (default OWNER — full co…
  update-actor           __schema18   332 chars x 1 refs  net    -28  {"type":"object","properties":{"str":{"type":"integer","minimum":1,"maximum":30},"dex":{"type":"integer","mini…
  update-actor           __schema21   338 chars x 1 refs  net    -28  {"type":"array","items":{"type":"object","properties":{"skill":{"type":"string","description":"Skill full name…
  update-actor           __schema22   455 chars x 1 refs  net    -28  {"type":"object","properties":{"mode":{"default":"replace","description":"replace (default) overwrites the who…
  update-actor           __schema26  1349 chars x 1 refs  net    -28  {"type":"object","properties":{"override":{"description":"FIXED AC that replaces every calculation (a stat blo…
  update-actor           __schema30   263 chars x 1 refs  net    -28  {"type":"array","items":{"type":"object","properties":{"formula":{"type":"string","minLength":1},"label":{"typ…
  update-actor           __schema35   309 chars x 1 refs  net    -28  {"type":"object","properties":{"walk":{"type":"number","minimum":0},"fly":{"type":"number","minimum":0},"swim"…
  update-actor           __schema36   258 chars x 1 refs  net    -28  {"type":"object","properties":{"darkvision":{"type":"number","minimum":0},"blindsight":{"type":"number","minim…

.meta({id}) demo (reused default inline): {"type":"object","properties":{"a":{"description":"first","$ref":"#/$defs/Rect"},"b":{"description":"second","$ref":"#/$defs/Rect"},"c":{"type":"array","items":{"$ref":"#/$defs/Rect"}}},"required":["a","b","c"],"$defs":{"Rect":{"type":"object","properties":{"x":{"type":"number","description":"x coord"},"y":{"type":"number","description":"y coord"},"w":{"type":"number"},"h":{"type":"number"}},"required":["x","y","w","h"]}}}
